[0.012s] Invoking command in '/home/jyothish/Desktop/ros2-custom-messages-GoliJyothish/build/ros2_custom_msgs': CMAKE_PREFIX_PATH=${CMAKE_PREFIX_PATH}:/opt/ros/jazzy DEBUGINFOD_URLS=https://debuginfod.ubuntu.com /usr/bin/cmake /home/jyothish/Desktop/ros2-custom-messages-GoliJyothish -DCMAKE_INSTALL_PREFIX=/home/jyothish/Desktop/ros2-custom-messages-GoliJyothish/install/ros2_custom_msgs
[0.132s] -- The C compiler identification is GNU 13.3.0
[0.205s] -- The CXX compiler identification is GNU 13.3.0
[0.233s] -- Detecting C compiler ABI info
[0.351s] -- Detecting C compiler ABI info - done
[0.361s] -- Check for working C compiler: /usr/bin/cc - skipped
[0.361s] -- Detecting C compile features
[0.362s] -- Detecting C compile features - done
[0.374s] -- Detecting CXX compiler ABI info
[0.505s] -- Detecting CXX compiler ABI info - done
[0.524s] -- Check for working CXX compiler: /usr/bin/c++ - skipped
[0.524s] -- Detecting CXX compile features
[0.525s] -- Detecting CXX compile features - done
[0.533s] -- Found ament_cmake: 2.5.5 (/opt/ros/jazzy/share/ament_cmake/cmake)
[0.705s] -- Found Python3: /usr/bin/python3 (found version "3.12.3") found components: Interpreter 
[0.842s] -- Found rclcpp: 28.1.16 (/opt/ros/jazzy/share/rclcpp/cmake)
[0.900s] -- Found rosidl_generator_c: 4.6.7 (/opt/ros/jazzy/share/rosidl_generator_c/cmake)
[0.919s] -- Found rosidl_generator_cpp: 4.6.7 (/opt/ros/jazzy/share/rosidl_generator_cpp/cmake)
[0.946s] -- Using all available rosidl_typesupport_c: rosidl_typesupport_fastrtps_c;rosidl_typesupport_introspection_c
[0.971s] -- Using all available rosidl_typesupport_cpp: rosidl_typesupport_fastrtps_cpp;rosidl_typesupport_introspection_cpp
[1.069s] -- Found rmw_implementation_cmake: 7.3.3 (/opt/ros/jazzy/share/rmw_implementation_cmake/cmake)
[1.074s] -- Found rmw_fastrtps_cpp: 8.4.3 (/opt/ros/jazzy/share/rmw_fastrtps_cpp/cmake)
[1.210s] -- Found OpenSSL: /usr/lib/x86_64-linux-gnu/libcrypto.so (found version "3.0.13")  
[1.235s] -- Found FastRTPS: /opt/ros/jazzy/include (Required is at least version "2.13") 
[1.264s] -- Using RMW implementation 'rmw_fastrtps_cpp' as default
[1.358s] -- Found rosidl_default_generators: 1.6.0 (/opt/ros/jazzy/share/rosidl_default_generators/cmake)
[1.376s] -- Found rosidl_adapter: 4.6.7 (/opt/ros/jazzy/share/rosidl_adapter/cmake)
[2.026s] -- Found ament_cmake_ros: 0.12.0 (/opt/ros/jazzy/share/ament_cmake_ros/cmake)
[2.826s] -- Using all available rosidl_typesupport_c: rosidl_typesupport_fastrtps_c;rosidl_typesupport_introspection_c
[3.158s] -- Using all available rosidl_typesupport_cpp: rosidl_typesupport_fastrtps_cpp;rosidl_typesupport_introspection_cpp
[3.163s] -- Found python_cmake_module: 0.11.1 (/opt/ros/jazzy/share/python_cmake_module/cmake)
[3.316s] -- Found PythonExtra: /usr/bin/python3  
[3.830s] -- Found Python3: /usr/bin/python3 (found version "3.12.3") found components: Interpreter Development NumPy Development.Module Development.Embed 
[3.871s] -- Found ament_lint_auto: 0.17.4 (/opt/ros/jazzy/share/ament_lint_auto/cmake)
[3.906s] -- Added test 'copyright' to check source files copyright and LICENSE
[3.919s] -- Added test 'cppcheck' to perform static code analysis on C / C++ code
[3.920s] -- Configured cppcheck include dirs: $<BUILD_INTERFACE:/home/jyothish/Desktop/ros2-custom-messages-GoliJyothish/build/ros2_custom_msgs/rosidl_generator_c>;$<BUILD_INTERFACE:/home/jyothish/Desktop/ros2-custom-messages-GoliJyothish/build/ros2_custom_msgs/rosidl_typesupport_fastrtps_c>;$<BUILD_INTERFACE:/home/jyothish/Desktop/ros2-custom-messages-GoliJyothish/build/ros2_custom_msgs/rosidl_generator_cpp>;$<BUILD_INTERFACE:/home/jyothish/Desktop/ros2-custom-messages-GoliJyothish/build/ros2_custom_msgs/rosidl_typesupport_fastrtps_cpp>;$<BUILD_INTERFACE:/home/jyothish/Desktop/ros2-custom-messages-GoliJyothish/build/ros2_custom_msgs/rosidl_typesupport_introspection_c>;$<BUILD_INTERFACE:/home/jyothish/Desktop/ros2-custom-messages-GoliJyothish/build/ros2_custom_msgs/rosidl_typesupport_introspection_cpp>;/home/jyothish/Desktop/ros2-custom-messages-GoliJyothish/build/ros2_custom_msgs/rosidl_generator_c;/home/jyothish/Desktop/ros2-custom-messages-GoliJyothish/build/ros2_custom_msgs/rosidl_generator_py
[3.920s] -- Configured cppcheck exclude dirs and/or files: 
[3.934s] -- Added test 'cpplint' to check C / C++ code against the Google style
[3.934s] -- Configured cpplint exclude dirs and/or files: 
[3.936s] -- Added test 'flake8' to check Python code syntax and style conventions
[3.936s] -- Configured 'flake8' exclude dirs and/or files: 
[3.940s] -- Added test 'lint_cmake' to check CMake code style
[3.942s] -- Added test 'pep257' to check Python code against some of the docstring style conventions in PEP 257
[3.956s] -- Added test 'uncrustify' to check C / C++ code style
[3.956s] -- Configured uncrustify additional arguments: 
[3.959s] -- Added test 'xmllint' to check XML markup files
[3.962s] -- Configuring done (3.9s)
[4.005s] -- Generating done (0.0s)
[4.019s] -- Build files have been written to: /home/jyothish/Desktop/ros2-custom-messages-GoliJyothish/build/ros2_custom_msgs
[4.035s] Invoked command in '/home/jyothish/Desktop/ros2-custom-messages-GoliJyothish/build/ros2_custom_msgs' returned '0': CMAKE_PREFIX_PATH=${CMAKE_PREFIX_PATH}:/opt/ros/jazzy DEBUGINFOD_URLS=https://debuginfod.ubuntu.com /usr/bin/cmake /home/jyothish/Desktop/ros2-custom-messages-GoliJyothish -DCMAKE_INSTALL_PREFIX=/home/jyothish/Desktop/ros2-custom-messages-GoliJyothish/install/ros2_custom_msgs
[4.037s] Invoking command in '/home/jyothish/Desktop/ros2-custom-messages-GoliJyothish/build/ros2_custom_msgs': CMAKE_PREFIX_PATH=${CMAKE_PREFIX_PATH}:/opt/ros/jazzy DEBUGINFOD_URLS=https://debuginfod.ubuntu.com /usr/bin/cmake --build /home/jyothish/Desktop/ros2-custom-messages-GoliJyothish/build/ros2_custom_msgs -- -j12 -l12
[4.100s] [  2%] [34m[1mGenerating type hashes for ROS interfaces[0m
[4.110s] [  2%] Built target ament_cmake_python_copy_ros2_custom_msgs
[4.296s] [  2%] Built target ros2_custom_msgs__rosidl_generator_type_description
[4.310s] [  5%] [34m[1mGenerating C code for ROS interfaces[0m
[4.321s] [  8%] [34m[1mGenerating C++ code for ROS interfaces[0m
[4.323s] running egg_info
[4.324s] creating ros2_custom_msgs.egg-info
[4.343s] writing ros2_custom_msgs.egg-info/PKG-INFO
[4.344s] writing dependency_links to ros2_custom_msgs.egg-info/dependency_links.txt
[4.344s] writing top-level names to ros2_custom_msgs.egg-info/top_level.txt
[4.344s] writing manifest file 'ros2_custom_msgs.egg-info/SOURCES.txt'
[4.405s] reading manifest file 'ros2_custom_msgs.egg-info/SOURCES.txt'
[4.405s] writing manifest file 'ros2_custom_msgs.egg-info/SOURCES.txt'
[4.448s] [  8%] Built target ament_cmake_python_build_ros2_custom_msgs_egg
[4.574s] [  8%] Built target ros2_custom_msgs__cpp
[4.598s] [ 16%] [32mBuilding C object CMakeFiles/ros2_custom_msgs__rosidl_generator_c.dir/rosidl_generator_c/ros2_custom_msgs/msg/detail/robot_status__functions.c.o[0m
[4.598s] [ 16%] [32mBuilding C object CMakeFiles/ros2_custom_msgs__rosidl_generator_c.dir/rosidl_generator_c/ros2_custom_msgs/msg/detail/robot_status__description.c.o[0m
[4.598s] [ 16%] [32mBuilding C object CMakeFiles/ros2_custom_msgs__rosidl_generator_c.dir/rosidl_generator_c/ros2_custom_msgs/msg/detail/robot_status__type_support.c.o[0m
[4.665s] [ 19%] [32m[1mLinking C shared library libros2_custom_msgs__rosidl_generator_c.so[0m
[4.713s] [ 19%] Built target ros2_custom_msgs__rosidl_generator_c
[4.728s] [ 27%] [34m[1mGenerating C++ type support dispatch for ROS interfaces[0m
[4.728s] [ 27%] [34m[1mGenerating C type support for eProsima Fast-RTPS[0m
[4.728s] [ 27%] [34m[1mGenerating C++ type support for eProsima Fast-RTPS[0m
[4.729s] [ 30%] [34m[1mGenerating C++ introspection for ROS interfaces[0m
[4.729s] [ 33%] [34m[1mGenerating C type support dispatch for ROS interfaces[0m
[4.730s] [ 36%] [34m[1mGenerating C introspection for ROS interfaces[0m
[5.052s] [ 38%] [32mBuilding CXX object CMakeFiles/ros2_custom_msgs__rosidl_typesupport_fastrtps_cpp.dir/rosidl_typesupport_fastrtps_cpp/ros2_custom_msgs/msg/detail/dds_fastrtps/robot_status__type_support.cpp.o[0m
[5.101s] [ 41%] [32mBuilding C object CMakeFiles/ros2_custom_msgs__rosidl_typesupport_introspection_c.dir/rosidl_typesupport_introspection_c/ros2_custom_msgs/msg/detail/robot_status__type_support.c.o[0m
[5.138s] [ 44%] [32mBuilding CXX object CMakeFiles/ros2_custom_msgs__rosidl_typesupport_c.dir/rosidl_typesupport_c/ros2_custom_msgs/msg/robot_status__type_support.cpp.o[0m
[5.151s] [ 47%] [32mBuilding CXX object CMakeFiles/ros2_custom_msgs__rosidl_typesupport_cpp.dir/rosidl_typesupport_cpp/ros2_custom_msgs/msg/robot_status__type_support.cpp.o[0m
[5.157s] [ 50%] [32m[1mLinking C shared library libros2_custom_msgs__rosidl_typesupport_introspection_c.so[0m
[5.161s] [ 52%] [32mBuilding CXX object CMakeFiles/ros2_custom_msgs__rosidl_typesupport_introspection_cpp.dir/rosidl_typesupport_introspection_cpp/ros2_custom_msgs/msg/detail/robot_status__type_support.cpp.o[0m
[5.194s] [ 55%] [32m[1mLinking CXX shared library libros2_custom_msgs__rosidl_typesupport_c.so[0m
[5.201s] [ 58%] [32mBuilding CXX object CMakeFiles/ros2_custom_msgs__rosidl_typesupport_fastrtps_c.dir/rosidl_typesupport_fastrtps_c/ros2_custom_msgs/msg/detail/robot_status__type_support_c.cpp.o[0m
[5.207s] [ 58%] Built target ros2_custom_msgs__rosidl_typesupport_introspection_c
[5.268s] [ 58%] Built target ros2_custom_msgs__rosidl_typesupport_c
[5.495s] [ 61%] [32m[1mLinking CXX shared library libros2_custom_msgs__rosidl_typesupport_cpp.so[0m
[5.531s] [ 63%] [32m[1mLinking CXX shared library libros2_custom_msgs__rosidl_typesupport_introspection_cpp.so[0m
[5.550s] [ 63%] Built target ros2_custom_msgs__rosidl_typesupport_cpp
[5.579s] [ 66%] [32mBuilding CXX object CMakeFiles/status_publisher.dir/src/status_publisher.cpp.o[0m
[5.634s] [ 66%] Built target ros2_custom_msgs__rosidl_typesupport_introspection_cpp
[5.647s] [ 69%] [32m[1mLinking CXX shared library libros2_custom_msgs__rosidl_typesupport_fastrtps_cpp.so[0m
[5.735s] [ 72%] [32m[1mLinking CXX shared library libros2_custom_msgs__rosidl_typesupport_fastrtps_c.so[0m
[5.767s] [ 72%] Built target ros2_custom_msgs__rosidl_typesupport_fastrtps_cpp
[5.843s] [ 72%] Built target ros2_custom_msgs__rosidl_typesupport_fastrtps_c
[5.867s] [ 72%] Built target ros2_custom_msgs
[5.892s] [ 75%] [34m[1mGenerating Python code for ROS interfaces[0m
[6.177s] [ 75%] Built target ros2_custom_msgs__py
[6.204s] [ 77%] [32mBuilding C object CMakeFiles/ros2_custom_msgs__rosidl_generator_py.dir/rosidl_generator_py/ros2_custom_msgs/msg/_robot_status_s.c.o[0m
[6.351s] [ 80%] [32m[1mLinking C shared library libros2_custom_msgs__rosidl_generator_py.so[0m
[6.403s] [ 80%] Built target ros2_custom_msgs__rosidl_generator_py
[6.430s] [ 88%] [32mBuilding C object CMakeFiles/ros2_custom_msgs_s__rosidl_typesupport_introspection_c.dir/rosidl_generator_py/ros2_custom_msgs/_ros2_custom_msgs_s.ep.rosidl_typesupport_introspection_c.c.o[0m
[6.430s] [ 88%] [32mBuilding C object CMakeFiles/ros2_custom_msgs_s__rosidl_typesupport_c.dir/rosidl_generator_py/ros2_custom_msgs/_ros2_custom_msgs_s.ep.rosidl_typesupport_c.c.o[0m
[6.431s] [ 88%] [32mBuilding C object CMakeFiles/ros2_custom_msgs_s__rosidl_typesupport_fastrtps_c.dir/rosidl_generator_py/ros2_custom_msgs/_ros2_custom_msgs_s.ep.rosidl_typesupport_fastrtps_c.c.o[0m
[6.552s] [ 91%] [32m[1mLinking C shared module rosidl_generator_py/ros2_custom_msgs/ros2_custom_msgs_s__rosidl_typesupport_c.so[0m
[6.553s] [ 94%] [32m[1mLinking C shared module rosidl_generator_py/ros2_custom_msgs/ros2_custom_msgs_s__rosidl_typesupport_introspection_c.so[0m
[6.558s] [ 97%] [32m[1mLinking C shared module rosidl_generator_py/ros2_custom_msgs/ros2_custom_msgs_s__rosidl_typesupport_fastrtps_c.so[0m
[6.594s] [ 97%] Built target ros2_custom_msgs_s__rosidl_typesupport_c
[6.594s] [ 97%] Built target ros2_custom_msgs_s__rosidl_typesupport_introspection_c
[6.597s] [ 97%] Built target ros2_custom_msgs_s__rosidl_typesupport_fastrtps_c
[9.830s] [100%] [32m[1mLinking CXX executable status_publisher[0m
[10.061s] [100%] Built target status_publisher
[10.076s] Invoked command in '/home/jyothish/Desktop/ros2-custom-messages-GoliJyothish/build/ros2_custom_msgs' returned '0': CMAKE_PREFIX_PATH=${CMAKE_PREFIX_PATH}:/opt/ros/jazzy DEBUGINFOD_URLS=https://debuginfod.ubuntu.com /usr/bin/cmake --build /home/jyothish/Desktop/ros2-custom-messages-GoliJyothish/build/ros2_custom_msgs -- -j12 -l12
[10.089s] Invoking command in '/home/jyothish/Desktop/ros2-custom-messages-GoliJyothish/build/ros2_custom_msgs': CMAKE_PREFIX_PATH=${CMAKE_PREFIX_PATH}:/opt/ros/jazzy DEBUGINFOD_URLS=https://debuginfod.ubuntu.com /usr/bin/cmake --install /home/jyothish/Desktop/ros2-custom-messages-GoliJyothish/build/ros2_custom_msgs
[10.099s] -- Install configuration: ""
[10.099s] -- Installing: /home/jyothish/Desktop/ros2-custom-messages-GoliJyothish/install/ros2_custom_msgs/share/ament_index/resource_index/rosidl_interfaces/ros2_custom_msgs
[10.100s] -- Installing: /home/jyothish/Desktop/ros2-custom-messages-GoliJyothish/install/ros2_custom_msgs/share/ros2_custom_msgs/msg/RobotStatus.json
[10.100s] -- Installing: /home/jyothish/Desktop/ros2-custom-messages-GoliJyothish/install/ros2_custom_msgs/include/ros2_custom_msgs/ros2_custom_msgs
[10.100s] -- Installing: /home/jyothish/Desktop/ros2-custom-messages-GoliJyothish/install/ros2_custom_msgs/include/ros2_custom_msgs/ros2_custom_msgs/msg
[10.100s] -- Installing: /home/jyothish/Desktop/ros2-custom-messages-GoliJyothish/install/ros2_custom_msgs/include/ros2_custom_msgs/ros2_custom_msgs/msg/robot_status.h
[10.100s] -- Installing: /home/jyothish/Desktop/ros2-custom-messages-GoliJyothish/install/ros2_custom_msgs/include/ros2_custom_msgs/ros2_custom_msgs/msg/detail
[10.101s] -- Installing: /home/jyothish/Desktop/ros2-custom-messages-GoliJyothish/install/ros2_custom_msgs/include/ros2_custom_msgs/ros2_custom_msgs/msg/detail/robot_status__functions.c
[10.101s] -- Installing: /home/jyothish/Desktop/ros2-custom-messages-GoliJyothish/install/ros2_custom_msgs/include/ros2_custom_msgs/ros2_custom_msgs/msg/detail/robot_status__functions.h
[10.101s] -- Installing: /home/jyothish/Desktop/ros2-custom-messages-GoliJyothish/install/ros2_custom_msgs/include/ros2_custom_msgs/ros2_custom_msgs/msg/detail/robot_status__description.c
[10.101s] -- Installing: /home/jyothish/Desktop/ros2-custom-messages-GoliJyothish/install/ros2_custom_msgs/include/ros2_custom_msgs/ros2_custom_msgs/msg/detail/robot_status__type_support.h
[10.101s] -- Installing: /home/jyothish/Desktop/ros2-custom-messages-GoliJyothish/install/ros2_custom_msgs/include/ros2_custom_msgs/ros2_custom_msgs/msg/detail/robot_status__struct.h
[10.101s] -- Installing: /home/jyothish/Desktop/ros2-custom-messages-GoliJyothish/install/ros2_custom_msgs/include/ros2_custom_msgs/ros2_custom_msgs/msg/detail/robot_status__type_support.c
[10.101s] -- Installing: /home/jyothish/Desktop/ros2-custom-messages-GoliJyothish/install/ros2_custom_msgs/include/ros2_custom_msgs/ros2_custom_msgs/msg/rosidl_generator_c__visibility_control.h
[10.101s] -- Installing: /home/jyothish/Desktop/ros2-custom-messages-GoliJyothish/install/ros2_custom_msgs/share/ros2_custom_msgs/environment/library_path.sh
[10.102s] -- Installing: /home/jyothish/Desktop/ros2-custom-messages-GoliJyothish/install/ros2_custom_msgs/share/ros2_custom_msgs/environment/library_path.dsv
[10.102s] -- Installing: /home/jyothish/Desktop/ros2-custom-messages-GoliJyothish/install/ros2_custom_msgs/lib/libros2_custom_msgs__rosidl_generator_c.so
[10.102s] -- Set non-toolchain portion of runtime path of "/home/jyothish/Desktop/ros2-custom-messages-GoliJyothish/install/ros2_custom_msgs/lib/libros2_custom_msgs__rosidl_generator_c.so" to ""
[10.102s] -- Up-to-date: /home/jyothish/Desktop/ros2-custom-messages-GoliJyothish/install/ros2_custom_msgs/include/ros2_custom_msgs/ros2_custom_msgs
[10.102s] -- Up-to-date: /home/jyothish/Desktop/ros2-custom-messages-GoliJyothish/install/ros2_custom_msgs/include/ros2_custom_msgs/ros2_custom_msgs/msg
[10.102s] -- Up-to-date: /home/jyothish/Desktop/ros2-custom-messages-GoliJyothish/install/ros2_custom_msgs/include/ros2_custom_msgs/ros2_custom_msgs/msg/detail
[10.102s] -- Installing: /home/jyothish/Desktop/ros2-custom-messages-GoliJyothish/install/ros2_custom_msgs/include/ros2_custom_msgs/ros2_custom_msgs/msg/detail/robot_status__rosidl_typesupport_fastrtps_c.h
[10.103s] -- Installing: /home/jyothish/Desktop/ros2-custom-messages-GoliJyothish/install/ros2_custom_msgs/include/ros2_custom_msgs/ros2_custom_msgs/msg/rosidl_typesupport_fastrtps_c__visibility_control.h
[10.103s] -- Installing: /home/jyothish/Desktop/ros2-custom-messages-GoliJyothish/install/ros2_custom_msgs/lib/libros2_custom_msgs__rosidl_typesupport_fastrtps_c.so
[10.103s] -- Set non-toolchain portion of runtime path of "/home/jyothish/Desktop/ros2-custom-messages-GoliJyothish/install/ros2_custom_msgs/lib/libros2_custom_msgs__rosidl_typesupport_fastrtps_c.so" to ""
[10.103s] -- Up-to-date: /home/jyothish/Desktop/ros2-custom-messages-GoliJyothish/install/ros2_custom_msgs/include/ros2_custom_msgs/ros2_custom_msgs
[10.103s] -- Up-to-date: /home/jyothish/Desktop/ros2-custom-messages-GoliJyothish/install/ros2_custom_msgs/include/ros2_custom_msgs/ros2_custom_msgs/msg
[10.103s] -- Installing: /home/jyothish/Desktop/ros2-custom-messages-GoliJyothish/install/ros2_custom_msgs/include/ros2_custom_msgs/ros2_custom_msgs/msg/robot_status.hpp
[10.103s] -- Installing: /home/jyothish/Desktop/ros2-custom-messages-GoliJyothish/install/ros2_custom_msgs/include/ros2_custom_msgs/ros2_custom_msgs/msg/rosidl_generator_cpp__visibility_control.hpp
[10.104s] -- Up-to-date: /home/jyothish/Desktop/ros2-custom-messages-GoliJyothish/install/ros2_custom_msgs/include/ros2_custom_msgs/ros2_custom_msgs/msg/detail
[10.104s] -- Installing: /home/jyothish/Desktop/ros2-custom-messages-GoliJyothish/install/ros2_custom_msgs/include/ros2_custom_msgs/ros2_custom_msgs/msg/detail/robot_status__builder.hpp
[10.104s] -- Installing: /home/jyothish/Desktop/ros2-custom-messages-GoliJyothish/install/ros2_custom_msgs/include/ros2_custom_msgs/ros2_custom_msgs/msg/detail/robot_status__type_support.hpp
[10.104s] -- Installing: /home/jyothish/Desktop/ros2-custom-messages-GoliJyothish/install/ros2_custom_msgs/include/ros2_custom_msgs/ros2_custom_msgs/msg/detail/robot_status__struct.hpp
[10.104s] -- Installing: /home/jyothish/Desktop/ros2-custom-messages-GoliJyothish/install/ros2_custom_msgs/include/ros2_custom_msgs/ros2_custom_msgs/msg/detail/robot_status__traits.hpp
[10.104s] -- Up-to-date: /home/jyothish/Desktop/ros2-custom-messages-GoliJyothish/install/ros2_custom_msgs/include/ros2_custom_msgs/ros2_custom_msgs
[10.104s] -- Up-to-date: /home/jyothish/Desktop/ros2-custom-messages-GoliJyothish/install/ros2_custom_msgs/include/ros2_custom_msgs/ros2_custom_msgs/msg
[10.104s] -- Up-to-date: /home/jyothish/Desktop/ros2-custom-messages-GoliJyothish/install/ros2_custom_msgs/include/ros2_custom_msgs/ros2_custom_msgs/msg/detail
[10.104s] -- Installing: /home/jyothish/Desktop/ros2-custom-messages-GoliJyothish/install/ros2_custom_msgs/include/ros2_custom_msgs/ros2_custom_msgs/msg/detail/dds_fastrtps
[10.105s] -- Installing: /home/jyothish/Desktop/ros2-custom-messages-GoliJyothish/install/ros2_custom_msgs/include/ros2_custom_msgs/ros2_custom_msgs/msg/detail/robot_status__rosidl_typesupport_fastrtps_cpp.hpp
[10.105s] -- Installing: /home/jyothish/Desktop/ros2-custom-messages-GoliJyothish/install/ros2_custom_msgs/include/ros2_custom_msgs/ros2_custom_msgs/msg/rosidl_typesupport_fastrtps_cpp__visibility_control.h
[10.105s] -- Installing: /home/jyothish/Desktop/ros2-custom-messages-GoliJyothish/install/ros2_custom_msgs/lib/libros2_custom_msgs__rosidl_typesupport_fastrtps_cpp.so
[10.105s] -- Set non-toolchain portion of runtime path of "/home/jyothish/Desktop/ros2-custom-messages-GoliJyothish/install/ros2_custom_msgs/lib/libros2_custom_msgs__rosidl_typesupport_fastrtps_cpp.so" to ""
[10.105s] -- Up-to-date: /home/jyothish/Desktop/ros2-custom-messages-GoliJyothish/install/ros2_custom_msgs/include/ros2_custom_msgs/ros2_custom_msgs
[10.105s] -- Up-to-date: /home/jyothish/Desktop/ros2-custom-messages-GoliJyothish/install/ros2_custom_msgs/include/ros2_custom_msgs/ros2_custom_msgs/msg
[10.105s] -- Up-to-date: /home/jyothish/Desktop/ros2-custom-messages-GoliJyothish/install/ros2_custom_msgs/include/ros2_custom_msgs/ros2_custom_msgs/msg/detail
[10.105s] -- Installing: /home/jyothish/Desktop/ros2-custom-messages-GoliJyothish/install/ros2_custom_msgs/include/ros2_custom_msgs/ros2_custom_msgs/msg/detail/robot_status__rosidl_typesupport_introspection_c.h
[10.105s] -- Installing: /home/jyothish/Desktop/ros2-custom-messages-GoliJyothish/install/ros2_custom_msgs/include/ros2_custom_msgs/ros2_custom_msgs/msg/detail/robot_status__type_support.c
[10.105s] -- Installing: /home/jyothish/Desktop/ros2-custom-messages-GoliJyothish/install/ros2_custom_msgs/include/ros2_custom_msgs/ros2_custom_msgs/msg/rosidl_typesupport_introspection_c__visibility_control.h
[10.106s] -- Installing: /home/jyothish/Desktop/ros2-custom-messages-GoliJyothish/install/ros2_custom_msgs/lib/libros2_custom_msgs__rosidl_typesupport_introspection_c.so
[10.106s] -- Set non-toolchain portion of runtime path of "/home/jyothish/Desktop/ros2-custom-messages-GoliJyothish/install/ros2_custom_msgs/lib/libros2_custom_msgs__rosidl_typesupport_introspection_c.so" to ""
[10.106s] -- Installing: /home/jyothish/Desktop/ros2-custom-messages-GoliJyothish/install/ros2_custom_msgs/lib/libros2_custom_msgs__rosidl_typesupport_c.so
[10.106s] -- Set non-toolchain portion of runtime path of "/home/jyothish/Desktop/ros2-custom-messages-GoliJyothish/install/ros2_custom_msgs/lib/libros2_custom_msgs__rosidl_typesupport_c.so" to ""
[10.106s] -- Up-to-date: /home/jyothish/Desktop/ros2-custom-messages-GoliJyothish/install/ros2_custom_msgs/include/ros2_custom_msgs/ros2_custom_msgs
[10.107s] -- Up-to-date: /home/jyothish/Desktop/ros2-custom-messages-GoliJyothish/install/ros2_custom_msgs/include/ros2_custom_msgs/ros2_custom_msgs/msg
[10.107s] -- Up-to-date: /home/jyothish/Desktop/ros2-custom-messages-GoliJyothish/install/ros2_custom_msgs/include/ros2_custom_msgs/ros2_custom_msgs/msg/detail
[10.107s] -- Installing: /home/jyothish/Desktop/ros2-custom-messages-GoliJyothish/install/ros2_custom_msgs/include/ros2_custom_msgs/ros2_custom_msgs/msg/detail/robot_status__type_support.cpp
[10.107s] -- Installing: /home/jyothish/Desktop/ros2-custom-messages-GoliJyothish/install/ros2_custom_msgs/include/ros2_custom_msgs/ros2_custom_msgs/msg/detail/robot_status__rosidl_typesupport_introspection_cpp.hpp
[10.107s] -- Installing: /home/jyothish/Desktop/ros2-custom-messages-GoliJyothish/install/ros2_custom_msgs/lib/libros2_custom_msgs__rosidl_typesupport_introspection_cpp.so
[10.107s] -- Set non-toolchain portion of runtime path of "/home/jyothish/Desktop/ros2-custom-messages-GoliJyothish/install/ros2_custom_msgs/lib/libros2_custom_msgs__rosidl_typesupport_introspection_cpp.so" to ""
[10.107s] -- Installing: /home/jyothish/Desktop/ros2-custom-messages-GoliJyothish/install/ros2_custom_msgs/lib/libros2_custom_msgs__rosidl_typesupport_cpp.so
[10.108s] -- Set non-toolchain portion of runtime path of "/home/jyothish/Desktop/ros2-custom-messages-GoliJyothish/install/ros2_custom_msgs/lib/libros2_custom_msgs__rosidl_typesupport_cpp.so" to ""
[10.108s] -- Installing: /home/jyothish/Desktop/ros2-custom-messages-GoliJyothish/install/ros2_custom_msgs/share/ros2_custom_msgs/environment/pythonpath.sh
[10.108s] -- Installing: /home/jyothish/Desktop/ros2-custom-messages-GoliJyothish/install/ros2_custom_msgs/share/ros2_custom_msgs/environment/pythonpath.dsv
[10.108s] -- Installing: /home/jyothish/Desktop/ros2-custom-messages-GoliJyothish/install/ros2_custom_msgs/lib/python3.12/site-packages/ros2_custom_msgs-0.0.0-py3.12.egg-info
[10.108s] -- Installing: /home/jyothish/Desktop/ros2-custom-messages-GoliJyothish/install/ros2_custom_msgs/lib/python3.12/site-packages/ros2_custom_msgs-0.0.0-py3.12.egg-info/SOURCES.txt
[10.108s] -- Installing: /home/jyothish/Desktop/ros2-custom-messages-GoliJyothish/install/ros2_custom_msgs/lib/python3.12/site-packages/ros2_custom_msgs-0.0.0-py3.12.egg-info/PKG-INFO
[10.109s] -- Installing: /home/jyothish/Desktop/ros2-custom-messages-GoliJyothish/install/ros2_custom_msgs/lib/python3.12/site-packages/ros2_custom_msgs-0.0.0-py3.12.egg-info/top_level.txt
[10.109s] -- Installing: /home/jyothish/Desktop/ros2-custom-messages-GoliJyothish/install/ros2_custom_msgs/lib/python3.12/site-packages/ros2_custom_msgs-0.0.0-py3.12.egg-info/dependency_links.txt
[10.109s] -- Installing: /home/jyothish/Desktop/ros2-custom-messages-GoliJyothish/install/ros2_custom_msgs/lib/python3.12/site-packages/ros2_custom_msgs
[10.109s] -- Installing: /home/jyothish/Desktop/ros2-custom-messages-GoliJyothish/install/ros2_custom_msgs/lib/python3.12/site-packages/ros2_custom_msgs/_ros2_custom_msgs_s.ep.rosidl_typesupport_introspection_c.c
[10.109s] -- Installing: /home/jyothish/Desktop/ros2-custom-messages-GoliJyothish/install/ros2_custom_msgs/lib/python3.12/site-packages/ros2_custom_msgs/ros2_custom_msgs_s__rosidl_typesupport_c.so
[10.109s] -- Installing: /home/jyothish/Desktop/ros2-custom-messages-GoliJyothish/install/ros2_custom_msgs/lib/python3.12/site-packages/ros2_custom_msgs/__init__.py
[10.109s] -- Installing: /home/jyothish/Desktop/ros2-custom-messages-GoliJyothish/install/ros2_custom_msgs/lib/python3.12/site-packages/ros2_custom_msgs/_ros2_custom_msgs_s.ep.rosidl_typesupport_fastrtps_c.c
[10.110s] -- Installing: /home/jyothish/Desktop/ros2-custom-messages-GoliJyothish/install/ros2_custom_msgs/lib/python3.12/site-packages/ros2_custom_msgs/_ros2_custom_msgs_s.ep.rosidl_typesupport_c.c
[10.110s] -- Installing: /home/jyothish/Desktop/ros2-custom-messages-GoliJyothish/install/ros2_custom_msgs/lib/python3.12/site-packages/ros2_custom_msgs/msg
[10.110s] -- Installing: /home/jyothish/Desktop/ros2-custom-messages-GoliJyothish/install/ros2_custom_msgs/lib/python3.12/site-packages/ros2_custom_msgs/msg/_robot_status_s.c
[10.110s] -- Installing: /home/jyothish/Desktop/ros2-custom-messages-GoliJyothish/install/ros2_custom_msgs/lib/python3.12/site-packages/ros2_custom_msgs/msg/__init__.py
[10.110s] -- Installing: /home/jyothish/Desktop/ros2-custom-messages-GoliJyothish/install/ros2_custom_msgs/lib/python3.12/site-packages/ros2_custom_msgs/msg/_robot_status.py
[10.110s] -- Installing: /home/jyothish/Desktop/ros2-custom-messages-GoliJyothish/install/ros2_custom_msgs/lib/python3.12/site-packages/ros2_custom_msgs/ros2_custom_msgs_s__rosidl_typesupport_fastrtps_c.so
[10.111s] -- Installing: /home/jyothish/Desktop/ros2-custom-messages-GoliJyothish/install/ros2_custom_msgs/lib/python3.12/site-packages/ros2_custom_msgs/ros2_custom_msgs_s__rosidl_typesupport_introspection_c.so
[10.148s] Listing '/home/jyothish/Desktop/ros2-custom-messages-GoliJyothish/install/ros2_custom_msgs/lib/python3.12/site-packages/ros2_custom_msgs'...
[10.148s] Compiling '/home/jyothish/Desktop/ros2-custom-messages-GoliJyothish/install/ros2_custom_msgs/lib/python3.12/site-packages/ros2_custom_msgs/__init__.py'...
[10.148s] Listing '/home/jyothish/Desktop/ros2-custom-messages-GoliJyothish/install/ros2_custom_msgs/lib/python3.12/site-packages/ros2_custom_msgs/msg'...
[10.148s] Compiling '/home/jyothish/Desktop/ros2-custom-messages-GoliJyothish/install/ros2_custom_msgs/lib/python3.12/site-packages/ros2_custom_msgs/msg/__init__.py'...
[10.148s] Compiling '/home/jyothish/Desktop/ros2-custom-messages-GoliJyothish/install/ros2_custom_msgs/lib/python3.12/site-packages/ros2_custom_msgs/msg/_robot_status.py'...
[10.155s] -- Installing: /home/jyothish/Desktop/ros2-custom-messages-GoliJyothish/install/ros2_custom_msgs/lib/python3.12/site-packages/ros2_custom_msgs/ros2_custom_msgs_s__rosidl_typesupport_fastrtps_c.so
[10.155s] -- Set non-toolchain portion of runtime path of "/home/jyothish/Desktop/ros2-custom-messages-GoliJyothish/install/ros2_custom_msgs/lib/python3.12/site-packages/ros2_custom_msgs/ros2_custom_msgs_s__rosidl_typesupport_fastrtps_c.so" to ""
[10.156s] -- Installing: /home/jyothish/Desktop/ros2-custom-messages-GoliJyothish/install/ros2_custom_msgs/lib/python3.12/site-packages/ros2_custom_msgs/ros2_custom_msgs_s__rosidl_typesupport_introspection_c.so
[10.156s] -- Set non-toolchain portion of runtime path of "/home/jyothish/Desktop/ros2-custom-messages-GoliJyothish/install/ros2_custom_msgs/lib/python3.12/site-packages/ros2_custom_msgs/ros2_custom_msgs_s__rosidl_typesupport_introspection_c.so" to ""
[10.156s] -- Installing: /home/jyothish/Desktop/ros2-custom-messages-GoliJyothish/install/ros2_custom_msgs/lib/python3.12/site-packages/ros2_custom_msgs/ros2_custom_msgs_s__rosidl_typesupport_c.so
[10.157s] -- Set non-toolchain portion of runtime path of "/home/jyothish/Desktop/ros2-custom-messages-GoliJyothish/install/ros2_custom_msgs/lib/python3.12/site-packages/ros2_custom_msgs/ros2_custom_msgs_s__rosidl_typesupport_c.so" to ""
[10.157s] -- Installing: /home/jyothish/Desktop/ros2-custom-messages-GoliJyothish/install/ros2_custom_msgs/lib/libros2_custom_msgs__rosidl_generator_py.so
[10.157s] -- Set non-toolchain portion of runtime path of "/home/jyothish/Desktop/ros2-custom-messages-GoliJyothish/install/ros2_custom_msgs/lib/libros2_custom_msgs__rosidl_generator_py.so" to ""
[10.157s] -- Installing: /home/jyothish/Desktop/ros2-custom-messages-GoliJyothish/install/ros2_custom_msgs/share/ros2_custom_msgs/msg/RobotStatus.idl
[10.158s] -- Installing: /home/jyothish/Desktop/ros2-custom-messages-GoliJyothish/install/ros2_custom_msgs/share/ros2_custom_msgs/msg/RobotStatus.msg
[10.158s] -- Installing: /home/jyothish/Desktop/ros2-custom-messages-GoliJyothish/install/ros2_custom_msgs/lib/ros2_custom_msgs/status_publisher
[10.159s] -- Set non-toolchain portion of runtime path of "/home/jyothish/Desktop/ros2-custom-messages-GoliJyothish/install/ros2_custom_msgs/lib/ros2_custom_msgs/status_publisher" to ""
[10.160s] -- Installing: /home/jyothish/Desktop/ros2-custom-messages-GoliJyothish/install/ros2_custom_msgs/share/ament_index/resource_index/package_run_dependencies/ros2_custom_msgs
[10.160s] -- Installing: /home/jyothish/Desktop/ros2-custom-messages-GoliJyothish/install/ros2_custom_msgs/share/ament_index/resource_index/parent_prefix_path/ros2_custom_msgs
[10.160s] -- Installing: /home/jyothish/Desktop/ros2-custom-messages-GoliJyothish/install/ros2_custom_msgs/share/ros2_custom_msgs/environment/ament_prefix_path.sh
[10.160s] -- Installing: /home/jyothish/Desktop/ros2-custom-messages-GoliJyothish/install/ros2_custom_msgs/share/ros2_custom_msgs/environment/ament_prefix_path.dsv
[10.160s] -- Installing: /home/jyothish/Desktop/ros2-custom-messages-GoliJyothish/install/ros2_custom_msgs/share/ros2_custom_msgs/environment/path.sh
[10.160s] -- Installing: /home/jyothish/Desktop/ros2-custom-messages-GoliJyothish/install/ros2_custom_msgs/share/ros2_custom_msgs/environment/path.dsv
[10.160s] -- Installing: /home/jyothish/Desktop/ros2-custom-messages-GoliJyothish/install/ros2_custom_msgs/share/ros2_custom_msgs/local_setup.bash
[10.161s] -- Installing: /home/jyothish/Desktop/ros2-custom-messages-GoliJyothish/install/ros2_custom_msgs/share/ros2_custom_msgs/local_setup.sh
[10.161s] -- Installing: /home/jyothish/Desktop/ros2-custom-messages-GoliJyothish/install/ros2_custom_msgs/share/ros2_custom_msgs/local_setup.zsh
[10.161s] -- Installing: /home/jyothish/Desktop/ros2-custom-messages-GoliJyothish/install/ros2_custom_msgs/share/ros2_custom_msgs/local_setup.dsv
[10.161s] -- Installing: /home/jyothish/Desktop/ros2-custom-messages-GoliJyothish/install/ros2_custom_msgs/share/ros2_custom_msgs/package.dsv
[10.161s] -- Installing: /home/jyothish/Desktop/ros2-custom-messages-GoliJyothish/install/ros2_custom_msgs/share/ament_index/resource_index/packages/ros2_custom_msgs
[10.161s] -- Installing: /home/jyothish/Desktop/ros2-custom-messages-GoliJyothish/install/ros2_custom_msgs/share/ros2_custom_msgs/cmake/export_ros2_custom_msgs__rosidl_generator_cExport.cmake
[10.162s] -- Installing: /home/jyothish/Desktop/ros2-custom-messages-GoliJyothish/install/ros2_custom_msgs/share/ros2_custom_msgs/cmake/export_ros2_custom_msgs__rosidl_generator_cExport-noconfig.cmake
[10.162s] -- Installing: /home/jyothish/Desktop/ros2-custom-messages-GoliJyothish/install/ros2_custom_msgs/share/ros2_custom_msgs/cmake/export_ros2_custom_msgs__rosidl_typesupport_fastrtps_cExport.cmake
[10.162s] -- Installing: /home/jyothish/Desktop/ros2-custom-messages-GoliJyothish/install/ros2_custom_msgs/share/ros2_custom_msgs/cmake/export_ros2_custom_msgs__rosidl_typesupport_fastrtps_cExport-noconfig.cmake
[10.162s] -- Installing: /home/jyothish/Desktop/ros2-custom-messages-GoliJyothish/install/ros2_custom_msgs/share/ros2_custom_msgs/cmake/export_ros2_custom_msgs__rosidl_generator_cppExport.cmake
[10.162s] -- Installing: /home/jyothish/Desktop/ros2-custom-messages-GoliJyothish/install/ros2_custom_msgs/share/ros2_custom_msgs/cmake/export_ros2_custom_msgs__rosidl_typesupport_fastrtps_cppExport.cmake
[10.162s] -- Installing: /home/jyothish/Desktop/ros2-custom-messages-GoliJyothish/install/ros2_custom_msgs/share/ros2_custom_msgs/cmake/export_ros2_custom_msgs__rosidl_typesupport_fastrtps_cppExport-noconfig.cmake
[10.163s] -- Installing: /home/jyothish/Desktop/ros2-custom-messages-GoliJyothish/install/ros2_custom_msgs/share/ros2_custom_msgs/cmake/ros2_custom_msgs__rosidl_typesupport_introspection_cExport.cmake
[10.163s] -- Installing: /home/jyothish/Desktop/ros2-custom-messages-GoliJyothish/install/ros2_custom_msgs/share/ros2_custom_msgs/cmake/ros2_custom_msgs__rosidl_typesupport_introspection_cExport-noconfig.cmake
[10.163s] -- Installing: /home/jyothish/Desktop/ros2-custom-messages-GoliJyothish/install/ros2_custom_msgs/share/ros2_custom_msgs/cmake/ros2_custom_msgs__rosidl_typesupport_cExport.cmake
[10.163s] -- Installing: /home/jyothish/Desktop/ros2-custom-messages-GoliJyothish/install/ros2_custom_msgs/share/ros2_custom_msgs/cmake/ros2_custom_msgs__rosidl_typesupport_cExport-noconfig.cmake
[10.163s] -- Installing: /home/jyothish/Desktop/ros2-custom-messages-GoliJyothish/install/ros2_custom_msgs/share/ros2_custom_msgs/cmake/ros2_custom_msgs__rosidl_typesupport_introspection_cppExport.cmake
[10.163s] -- Installing: /home/jyothish/Desktop/ros2-custom-messages-GoliJyothish/install/ros2_custom_msgs/share/ros2_custom_msgs/cmake/ros2_custom_msgs__rosidl_typesupport_introspection_cppExport-noconfig.cmake
[10.164s] -- Installing: /home/jyothish/Desktop/ros2-custom-messages-GoliJyothish/install/ros2_custom_msgs/share/ros2_custom_msgs/cmake/ros2_custom_msgs__rosidl_typesupport_cppExport.cmake
[10.164s] -- Installing: /home/jyothish/Desktop/ros2-custom-messages-GoliJyothish/install/ros2_custom_msgs/share/ros2_custom_msgs/cmake/ros2_custom_msgs__rosidl_typesupport_cppExport-noconfig.cmake
[10.164s] -- Installing: /home/jyothish/Desktop/ros2-custom-messages-GoliJyothish/install/ros2_custom_msgs/share/ros2_custom_msgs/cmake/export_ros2_custom_msgs__rosidl_generator_pyExport.cmake
[10.164s] -- Installing: /home/jyothish/Desktop/ros2-custom-messages-GoliJyothish/install/ros2_custom_msgs/share/ros2_custom_msgs/cmake/export_ros2_custom_msgs__rosidl_generator_pyExport-noconfig.cmake
[10.164s] -- Installing: /home/jyothish/Desktop/ros2-custom-messages-GoliJyothish/install/ros2_custom_msgs/share/ros2_custom_msgs/cmake/rosidl_cmake-extras.cmake
[10.164s] -- Installing: /home/jyothish/Desktop/ros2-custom-messages-GoliJyothish/install/ros2_custom_msgs/share/ros2_custom_msgs/cmake/ament_cmake_export_include_directories-extras.cmake
[10.165s] -- Installing: /home/jyothish/Desktop/ros2-custom-messages-GoliJyothish/install/ros2_custom_msgs/share/ros2_custom_msgs/cmake/ament_cmake_export_libraries-extras.cmake
[10.165s] -- Installing: /home/jyothish/Desktop/ros2-custom-messages-GoliJyothish/install/ros2_custom_msgs/share/ros2_custom_msgs/cmake/ament_cmake_export_targets-extras.cmake
[10.165s] -- Installing: /home/jyothish/Desktop/ros2-custom-messages-GoliJyothish/install/ros2_custom_msgs/share/ros2_custom_msgs/cmake/rosidl_cmake_export_typesupport_targets-extras.cmake
[10.165s] -- Installing: /home/jyothish/Desktop/ros2-custom-messages-GoliJyothish/install/ros2_custom_msgs/share/ros2_custom_msgs/cmake/ament_cmake_export_dependencies-extras.cmake
[10.165s] -- Installing: /home/jyothish/Desktop/ros2-custom-messages-GoliJyothish/install/ros2_custom_msgs/share/ros2_custom_msgs/cmake/rosidl_cmake_export_typesupport_libraries-extras.cmake
[10.165s] -- Installing: /home/jyothish/Desktop/ros2-custom-messages-GoliJyothish/install/ros2_custom_msgs/share/ros2_custom_msgs/cmake/ros2_custom_msgsConfig.cmake
[10.166s] -- Installing: /home/jyothish/Desktop/ros2-custom-messages-GoliJyothish/install/ros2_custom_msgs/share/ros2_custom_msgs/cmake/ros2_custom_msgsConfig-version.cmake
[10.166s] -- Installing: /home/jyothish/Desktop/ros2-custom-messages-GoliJyothish/install/ros2_custom_msgs/share/ros2_custom_msgs/package.xml
[10.169s] Invoked command in '/home/jyothish/Desktop/ros2-custom-messages-GoliJyothish/build/ros2_custom_msgs' returned '0': CMAKE_PREFIX_PATH=${CMAKE_PREFIX_PATH}:/opt/ros/jazzy DEBUGINFOD_URLS=https://debuginfod.ubuntu.com /usr/bin/cmake --install /home/jyothish/Desktop/ros2-custom-messages-GoliJyothish/build/ros2_custom_msgs
